<?xml version="1.0" encoding="UTF-8"?>
<testsuites name="jest tests" tests="4" failures="4" errors="0" time="22.784">
  <testsuite name="Component Rendering check button" errors="0" failures="4" skipped="0" timestamp="2024-06-06T06:12:56" time="4.061" tests="4">
    <testcase classname="Component Rendering check button response not receved" name="Component Rendering check button response not receved" time="0.309">
      <failure>TypeError: Cannot read properties of undefined (reading &apos;ChangePasswordExpResponse&apos;)
    at Function.mapStateToProps [as mapToProps] (D:\EKASHA\EKASHA\src\modules\containers\authentication\index.js:33:41)
    at mapToPropsProxy (D:\EKASHA\EKASHA\node_modules\react-redux\lib\connect\wrapMapToProps.js:53:92)
    at Function.detectFactoryAndVerify (D:\EKASHA\EKASHA\node_modules\react-redux\lib\connect\wrapMapToProps.js:62:19)
    at mapToPropsProxy (D:\EKASHA\EKASHA\node_modules\react-redux\lib\connect\wrapMapToProps.js:53:46)
    at handleFirstCall (D:\EKASHA\EKASHA\node_modules\react-redux\lib\connect\selectorFactory.js:36:18)
    at pureFinalPropsSelector (D:\EKASHA\EKASHA\node_modules\react-redux\lib\connect\selectorFactory.js:77:81)
    at D:\EKASHA\EKASHA\node_modules\react-redux\lib\components\connectAdvanced.js:341:16
    at mountMemo (D:\EKASHA\EKASHA\node_modules\react-dom\cjs\react-dom.development.js:15846:19)
    at Object.useMemo (D:\EKASHA\EKASHA\node_modules\react-dom\cjs\react-dom.development.js:16219:16)
    at useMemo (D:\EKASHA\EKASHA\node_modules\react\cjs\react.development.js:1532:21)
    at ConnectFunction (D:\EKASHA\EKASHA\node_modules\react-redux\lib\components\connectAdvanced.js:326:30)
    at renderWithHooks (D:\EKASHA\EKASHA\node_modules\react-dom\cjs\react-dom.development.js:14985:18)
    at updateFunctionComponent (D:\EKASHA\EKASHA\node_modules\react-dom\cjs\react-dom.development.js:17356:20)
    at updateSimpleMemoComponent (D:\EKASHA\EKASHA\node_modules\react-dom\cjs\react-dom.development.js:17215:10)
    at updateMemoComponent (D:\EKASHA\EKASHA\node_modules\react-dom\cjs\react-dom.development.js:17092:14)
    at beginWork (D:\EKASHA\EKASHA\node_modules\react-dom\cjs\react-dom.development.js:19135:16)
    at HTMLUnknownElement.callCallback (D:\EKASHA\EKASHA\node_modules\react-dom\cjs\react-dom.development.js:3945:14)
    at HTMLUnknownElement.callTheUserObjectsOperation (D:\EKASHA\EKASHA\node_modules\jsdom\lib\jsdom\living\generated\EventListener.js:26:30)
    at innerInvokeEventListeners (D:\EKASHA\EKASHA\node_modules\jsdom\lib\jsdom\living\events\EventTarget-impl.js:338:25)
    at invokeEventListeners (D:\EKASHA\EKASHA\node_modules\jsdom\lib\jsdom\living\events\EventTarget-impl.js:274:3)
    at HTMLUnknownElementImpl._dispatch (D:\EKASHA\EKASHA\node_modules\jsdom\lib\jsdom\living\events\EventTarget-impl.js:221:9)
    at HTMLUnknownElementImpl.dispatchEvent (D:\EKASHA\EKASHA\node_modules\jsdom\lib\jsdom\living\events\EventTarget-impl.js:94:17)
    at HTMLUnknownElement.dispatchEvent (D:\EKASHA\EKASHA\node_modules\jsdom\lib\jsdom\living\generated\EventTarget.js:231:34)
    at Object.invokeGuardedCallbackDev (D:\EKASHA\EKASHA\node_modules\react-dom\cjs\react-dom.development.js:3994:16)
    at invokeGuardedCallback (D:\EKASHA\EKASHA\node_modules\react-dom\cjs\react-dom.development.js:4056:31)
    at beginWork$1 (D:\EKASHA\EKASHA\node_modules\react-dom\cjs\react-dom.development.js:23964:7)
    at performUnitOfWork (D:\EKASHA\EKASHA\node_modules\react-dom\cjs\react-dom.development.js:22779:12)
    at workLoopSync (D:\EKASHA\EKASHA\node_modules\react-dom\cjs\react-dom.development.js:22707:5)
    at renderRootSync (D:\EKASHA\EKASHA\node_modules\react-dom\cjs\react-dom.development.js:22670:7)
    at performSyncWorkOnRoot (D:\EKASHA\EKASHA\node_modules\react-dom\cjs\react-dom.development.js:22293:18)
    at scheduleUpdateOnFiber (D:\EKASHA\EKASHA\node_modules\react-dom\cjs\react-dom.development.js:21881:7)
    at updateContainer (D:\EKASHA\EKASHA\node_modules\react-dom\cjs\react-dom.development.js:25482:3)
    at D:\EKASHA\EKASHA\node_modules\react-dom\cjs\react-dom.development.js:26021:7
    at unbatchedUpdates (D:\EKASHA\EKASHA\node_modules\react-dom\cjs\react-dom.development.js:22431:12)
    at legacyRenderSubtreeIntoContainer (D:\EKASHA\EKASHA\node_modules\react-dom\cjs\react-dom.development.js:26020:5)
    at Object.render (D:\EKASHA\EKASHA\node_modules\react-dom\cjs\react-dom.development.js:26103:10)
    at fn (D:\EKASHA\EKASHA\node_modules\@wojtekmaj\enzyme-adapter-react-17\src\ReactSeventeenAdapter.js:421:26)
    at D:\EKASHA\EKASHA\node_modules\@wojtekmaj\enzyme-adapter-react-17\src\ReactSeventeenAdapter.js:337:17
    at batchedUpdates$1 (D:\EKASHA\EKASHA\node_modules\react-dom\cjs\react-dom.development.js:22380:12)
    at Object.act (D:\EKASHA\EKASHA\node_modules\react-dom\cjs\react-dom-test-utils.development.js:1042:14)
    at wrapAct (D:\EKASHA\EKASHA\node_modules\@wojtekmaj\enzyme-adapter-react-17\src\ReactSeventeenAdapter.js:336:13)
    at Object.render (D:\EKASHA\EKASHA\node_modules\@wojtekmaj\enzyme-adapter-react-17\src\ReactSeventeenAdapter.js:407:16)
    at new ReactWrapper (D:\EKASHA\EKASHA\node_modules\enzyme\src\ReactWrapper.js:115:16)
    at mount (D:\EKASHA\EKASHA\node_modules\enzyme\src\mount.js:10:10)
    at setUp (D:\EKASHA\EKASHA\src\modules\pages\authentication\__test__\auth.spec.js:30:26)
    at Object.&lt;anonymous&gt; (D:\EKASHA\EKASHA\src\modules\pages\authentication\__test__\auth.spec.js:53:15)
    at Promise.then.completed (D:\EKASHA\EKASHA\node_modules\jest-circus\build\utils.js:391:28)
    at new Promise (&lt;anonymous&gt;)
    at callAsyncCircusFn (D:\EKASHA\EKASHA\node_modules\jest-circus\build\utils.js:316:10)
    at _callCircusHook (D:\EKASHA\EKASHA\node_modules\jest-circus\build\run.js:181:40)
    at _runTest (D:\EKASHA\EKASHA\node_modules\jest-circus\build\run.js:148:5)
    at _runTestsForDescribeBlock (D:\EKASHA\EKASHA\node_modules\jest-circus\build\run.js:66:9)
    at _runTestsForDescribeBlock (D:\EKASHA\EKASHA\node_modules\jest-circus\build\run.js:60:9)
    at run (D:\EKASHA\EKASHA\node_modules\jest-circus\build\run.js:25:3)
    at runAndTransformResultsToJestFormat (D:\EKASHA\EKASHA\node_modules\jest-circus\build\legacy-code-todo-rewrite\jestAdapterInit.js:170:21)
    at jestAdapter (D:\EKASHA\EKASHA\node_modules\jest-circus\build\legacy-code-todo-rewrite\jestAdapter.js:82:19)
    at runTestInternal (D:\EKASHA\EKASHA\node_modules\jest-runner\build\runTest.js:389:16)
    at runTest (D:\EKASHA\EKASHA\node_modules\jest-runner\build\runTest.js:475:34)
    at TestRunner.runTests (D:\EKASHA\EKASHA\node_modules\jest-runner\build\index.js:101:12)
    at TestScheduler.scheduleTests (D:\EKASHA\EKASHA\node_modules\@jest\core\build\TestScheduler.js:333:13)
    at runJest (D:\EKASHA\EKASHA\node_modules\@jest\core\build\runJest.js:404:19)
    at _run10000 (D:\EKASHA\EKASHA\node_modules\@jest\core\build\cli\index.js:320:7)
    at runCLI (D:\EKASHA\EKASHA\node_modules\@jest\core\build\cli\index.js:173:3)
    at Object.run (D:\EKASHA\EKASHA\node_modules\jest-cli\build\cli\index.js:155:37)</failure>
    </testcase>
    <testcase classname="Component Rendering check button add btton check" name="Component Rendering check button add btton check" time="0.088">
      <failure>TypeError: Cannot read properties of undefined (reading &apos;ChangePasswordExpResponse&apos;)
    at Function.mapStateToProps [as mapToProps] (D:\EKASHA\EKASHA\src\modules\containers\authentication\index.js:33:41)
    at mapToPropsProxy (D:\EKASHA\EKASHA\node_modules\react-redux\lib\connect\wrapMapToProps.js:53:92)
    at Function.detectFactoryAndVerify (D:\EKASHA\EKASHA\node_modules\react-redux\lib\connect\wrapMapToProps.js:62:19)
    at mapToPropsProxy (D:\EKASHA\EKASHA\node_modules\react-redux\lib\connect\wrapMapToProps.js:53:46)
    at handleFirstCall (D:\EKASHA\EKASHA\node_modules\react-redux\lib\connect\selectorFactory.js:36:18)
    at pureFinalPropsSelector (D:\EKASHA\EKASHA\node_modules\react-redux\lib\connect\selectorFactory.js:77:81)
    at D:\EKASHA\EKASHA\node_modules\react-redux\lib\components\connectAdvanced.js:341:16
    at mountMemo (D:\EKASHA\EKASHA\node_modules\react-dom\cjs\react-dom.development.js:15846:19)
    at Object.useMemo (D:\EKASHA\EKASHA\node_modules\react-dom\cjs\react-dom.development.js:16219:16)
    at useMemo (D:\EKASHA\EKASHA\node_modules\react\cjs\react.development.js:1532:21)
    at ConnectFunction (D:\EKASHA\EKASHA\node_modules\react-redux\lib\components\connectAdvanced.js:326:30)
    at renderWithHooks (D:\EKASHA\EKASHA\node_modules\react-dom\cjs\react-dom.development.js:14985:18)
    at updateFunctionComponent (D:\EKASHA\EKASHA\node_modules\react-dom\cjs\react-dom.development.js:17356:20)
    at updateSimpleMemoComponent (D:\EKASHA\EKASHA\node_modules\react-dom\cjs\react-dom.development.js:17215:10)
    at updateMemoComponent (D:\EKASHA\EKASHA\node_modules\react-dom\cjs\react-dom.development.js:17092:14)
    at beginWork (D:\EKASHA\EKASHA\node_modules\react-dom\cjs\react-dom.development.js:19135:16)
    at HTMLUnknownElement.callCallback (D:\EKASHA\EKASHA\node_modules\react-dom\cjs\react-dom.development.js:3945:14)
    at HTMLUnknownElement.callTheUserObjectsOperation (D:\EKASHA\EKASHA\node_modules\jsdom\lib\jsdom\living\generated\EventListener.js:26:30)
    at innerInvokeEventListeners (D:\EKASHA\EKASHA\node_modules\jsdom\lib\jsdom\living\events\EventTarget-impl.js:338:25)
    at invokeEventListeners (D:\EKASHA\EKASHA\node_modules\jsdom\lib\jsdom\living\events\EventTarget-impl.js:274:3)
    at HTMLUnknownElementImpl._dispatch (D:\EKASHA\EKASHA\node_modules\jsdom\lib\jsdom\living\events\EventTarget-impl.js:221:9)
    at HTMLUnknownElementImpl.dispatchEvent (D:\EKASHA\EKASHA\node_modules\jsdom\lib\jsdom\living\events\EventTarget-impl.js:94:17)
    at HTMLUnknownElement.dispatchEvent (D:\EKASHA\EKASHA\node_modules\jsdom\lib\jsdom\living\generated\EventTarget.js:231:34)
    at Object.invokeGuardedCallbackDev (D:\EKASHA\EKASHA\node_modules\react-dom\cjs\react-dom.development.js:3994:16)
    at invokeGuardedCallback (D:\EKASHA\EKASHA\node_modules\react-dom\cjs\react-dom.development.js:4056:31)
    at beginWork$1 (D:\EKASHA\EKASHA\node_modules\react-dom\cjs\react-dom.development.js:23964:7)
    at performUnitOfWork (D:\EKASHA\EKASHA\node_modules\react-dom\cjs\react-dom.development.js:22779:12)
    at workLoopSync (D:\EKASHA\EKASHA\node_modules\react-dom\cjs\react-dom.development.js:22707:5)
    at renderRootSync (D:\EKASHA\EKASHA\node_modules\react-dom\cjs\react-dom.development.js:22670:7)
    at performSyncWorkOnRoot (D:\EKASHA\EKASHA\node_modules\react-dom\cjs\react-dom.development.js:22293:18)
    at scheduleUpdateOnFiber (D:\EKASHA\EKASHA\node_modules\react-dom\cjs\react-dom.development.js:21881:7)
    at updateContainer (D:\EKASHA\EKASHA\node_modules\react-dom\cjs\react-dom.development.js:25482:3)
    at D:\EKASHA\EKASHA\node_modules\react-dom\cjs\react-dom.development.js:26021:7
    at unbatchedUpdates (D:\EKASHA\EKASHA\node_modules\react-dom\cjs\react-dom.development.js:22431:12)
    at legacyRenderSubtreeIntoContainer (D:\EKASHA\EKASHA\node_modules\react-dom\cjs\react-dom.development.js:26020:5)
    at Object.render (D:\EKASHA\EKASHA\node_modules\react-dom\cjs\react-dom.development.js:26103:10)
    at fn (D:\EKASHA\EKASHA\node_modules\@wojtekmaj\enzyme-adapter-react-17\src\ReactSeventeenAdapter.js:421:26)
    at D:\EKASHA\EKASHA\node_modules\@wojtekmaj\enzyme-adapter-react-17\src\ReactSeventeenAdapter.js:337:17
    at batchedUpdates$1 (D:\EKASHA\EKASHA\node_modules\react-dom\cjs\react-dom.development.js:22380:12)
    at Object.act (D:\EKASHA\EKASHA\node_modules\react-dom\cjs\react-dom-test-utils.development.js:1042:14)
    at wrapAct (D:\EKASHA\EKASHA\node_modules\@wojtekmaj\enzyme-adapter-react-17\src\ReactSeventeenAdapter.js:336:13)
    at Object.render (D:\EKASHA\EKASHA\node_modules\@wojtekmaj\enzyme-adapter-react-17\src\ReactSeventeenAdapter.js:407:16)
    at new ReactWrapper (D:\EKASHA\EKASHA\node_modules\enzyme\src\ReactWrapper.js:115:16)
    at mount (D:\EKASHA\EKASHA\node_modules\enzyme\src\mount.js:10:10)
    at setUp (D:\EKASHA\EKASHA\src\modules\pages\authentication\__test__\auth.spec.js:30:26)
    at Object.&lt;anonymous&gt; (D:\EKASHA\EKASHA\src\modules\pages\authentication\__test__\auth.spec.js:124:15)
    at Promise.then.completed (D:\EKASHA\EKASHA\node_modules\jest-circus\build\utils.js:391:28)
    at new Promise (&lt;anonymous&gt;)
    at callAsyncCircusFn (D:\EKASHA\EKASHA\node_modules\jest-circus\build\utils.js:316:10)
    at _callCircusHook (D:\EKASHA\EKASHA\node_modules\jest-circus\build\run.js:181:40)
    at _runTest (D:\EKASHA\EKASHA\node_modules\jest-circus\build\run.js:148:5)
    at _runTestsForDescribeBlock (D:\EKASHA\EKASHA\node_modules\jest-circus\build\run.js:66:9)
    at _runTestsForDescribeBlock (D:\EKASHA\EKASHA\node_modules\jest-circus\build\run.js:60:9)
    at run (D:\EKASHA\EKASHA\node_modules\jest-circus\build\run.js:25:3)
    at runAndTransformResultsToJestFormat (D:\EKASHA\EKASHA\node_modules\jest-circus\build\legacy-code-todo-rewrite\jestAdapterInit.js:170:21)
    at jestAdapter (D:\EKASHA\EKASHA\node_modules\jest-circus\build\legacy-code-todo-rewrite\jestAdapter.js:82:19)
    at runTestInternal (D:\EKASHA\EKASHA\node_modules\jest-runner\build\runTest.js:389:16)
    at runTest (D:\EKASHA\EKASHA\node_modules\jest-runner\build\runTest.js:475:34)
    at TestRunner.runTests (D:\EKASHA\EKASHA\node_modules\jest-runner\build\index.js:101:12)
    at TestScheduler.scheduleTests (D:\EKASHA\EKASHA\node_modules\@jest\core\build\TestScheduler.js:333:13)
    at runJest (D:\EKASHA\EKASHA\node_modules\@jest\core\build\runJest.js:404:19)
    at _run10000 (D:\EKASHA\EKASHA\node_modules\@jest\core\build\cli\index.js:320:7)
    at runCLI (D:\EKASHA\EKASHA\node_modules\@jest\core\build\cli\index.js:173:3)
    at Object.run (D:\EKASHA\EKASHA\node_modules\jest-cli\build\cli\index.js:155:37)</failure>
    </testcase>
    <testcase classname="Component Rendering check button Should render eyeclose icon default" name="Component Rendering check button Should render eyeclose icon default" time="0.073">
      <failure>TypeError: Cannot read properties of undefined (reading &apos;ChangePasswordExpResponse&apos;)
    at Function.mapStateToProps [as mapToProps] (D:\EKASHA\EKASHA\src\modules\containers\authentication\index.js:33:41)
    at mapToPropsProxy (D:\EKASHA\EKASHA\node_modules\react-redux\lib\connect\wrapMapToProps.js:53:92)
    at Function.detectFactoryAndVerify (D:\EKASHA\EKASHA\node_modules\react-redux\lib\connect\wrapMapToProps.js:62:19)
    at mapToPropsProxy (D:\EKASHA\EKASHA\node_modules\react-redux\lib\connect\wrapMapToProps.js:53:46)
    at handleFirstCall (D:\EKASHA\EKASHA\node_modules\react-redux\lib\connect\selectorFactory.js:36:18)
    at pureFinalPropsSelector (D:\EKASHA\EKASHA\node_modules\react-redux\lib\connect\selectorFactory.js:77:81)
    at D:\EKASHA\EKASHA\node_modules\react-redux\lib\components\connectAdvanced.js:341:16
    at mountMemo (D:\EKASHA\EKASHA\node_modules\react-dom\cjs\react-dom.development.js:15846:19)
    at Object.useMemo (D:\EKASHA\EKASHA\node_modules\react-dom\cjs\react-dom.development.js:16219:16)
    at useMemo (D:\EKASHA\EKASHA\node_modules\react\cjs\react.development.js:1532:21)
    at ConnectFunction (D:\EKASHA\EKASHA\node_modules\react-redux\lib\components\connectAdvanced.js:326:30)
    at renderWithHooks (D:\EKASHA\EKASHA\node_modules\react-dom\cjs\react-dom.development.js:14985:18)
    at updateFunctionComponent (D:\EKASHA\EKASHA\node_modules\react-dom\cjs\react-dom.development.js:17356:20)
    at updateSimpleMemoComponent (D:\EKASHA\EKASHA\node_modules\react-dom\cjs\react-dom.development.js:17215:10)
    at updateMemoComponent (D:\EKASHA\EKASHA\node_modules\react-dom\cjs\react-dom.development.js:17092:14)
    at beginWork (D:\EKASHA\EKASHA\node_modules\react-dom\cjs\react-dom.development.js:19135:16)
    at HTMLUnknownElement.callCallback (D:\EKASHA\EKASHA\node_modules\react-dom\cjs\react-dom.development.js:3945:14)
    at HTMLUnknownElement.callTheUserObjectsOperation (D:\EKASHA\EKASHA\node_modules\jsdom\lib\jsdom\living\generated\EventListener.js:26:30)
    at innerInvokeEventListeners (D:\EKASHA\EKASHA\node_modules\jsdom\lib\jsdom\living\events\EventTarget-impl.js:338:25)
    at invokeEventListeners (D:\EKASHA\EKASHA\node_modules\jsdom\lib\jsdom\living\events\EventTarget-impl.js:274:3)
    at HTMLUnknownElementImpl._dispatch (D:\EKASHA\EKASHA\node_modules\jsdom\lib\jsdom\living\events\EventTarget-impl.js:221:9)
    at HTMLUnknownElementImpl.dispatchEvent (D:\EKASHA\EKASHA\node_modules\jsdom\lib\jsdom\living\events\EventTarget-impl.js:94:17)
    at HTMLUnknownElement.dispatchEvent (D:\EKASHA\EKASHA\node_modules\jsdom\lib\jsdom\living\generated\EventTarget.js:231:34)
    at Object.invokeGuardedCallbackDev (D:\EKASHA\EKASHA\node_modules\react-dom\cjs\react-dom.development.js:3994:16)
    at invokeGuardedCallback (D:\EKASHA\EKASHA\node_modules\react-dom\cjs\react-dom.development.js:4056:31)
    at beginWork$1 (D:\EKASHA\EKASHA\node_modules\react-dom\cjs\react-dom.development.js:23964:7)
    at performUnitOfWork (D:\EKASHA\EKASHA\node_modules\react-dom\cjs\react-dom.development.js:22779:12)
    at workLoopSync (D:\EKASHA\EKASHA\node_modules\react-dom\cjs\react-dom.development.js:22707:5)
    at renderRootSync (D:\EKASHA\EKASHA\node_modules\react-dom\cjs\react-dom.development.js:22670:7)
    at performSyncWorkOnRoot (D:\EKASHA\EKASHA\node_modules\react-dom\cjs\react-dom.development.js:22293:18)
    at scheduleUpdateOnFiber (D:\EKASHA\EKASHA\node_modules\react-dom\cjs\react-dom.development.js:21881:7)
    at updateContainer (D:\EKASHA\EKASHA\node_modules\react-dom\cjs\react-dom.development.js:25482:3)
    at D:\EKASHA\EKASHA\node_modules\react-dom\cjs\react-dom.development.js:26021:7
    at unbatchedUpdates (D:\EKASHA\EKASHA\node_modules\react-dom\cjs\react-dom.development.js:22431:12)
    at legacyRenderSubtreeIntoContainer (D:\EKASHA\EKASHA\node_modules\react-dom\cjs\react-dom.development.js:26020:5)
    at Object.render (D:\EKASHA\EKASHA\node_modules\react-dom\cjs\react-dom.development.js:26103:10)
    at fn (D:\EKASHA\EKASHA\node_modules\@wojtekmaj\enzyme-adapter-react-17\src\ReactSeventeenAdapter.js:421:26)
    at D:\EKASHA\EKASHA\node_modules\@wojtekmaj\enzyme-adapter-react-17\src\ReactSeventeenAdapter.js:337:17
    at batchedUpdates$1 (D:\EKASHA\EKASHA\node_modules\react-dom\cjs\react-dom.development.js:22380:12)
    at Object.act (D:\EKASHA\EKASHA\node_modules\react-dom\cjs\react-dom-test-utils.development.js:1042:14)
    at wrapAct (D:\EKASHA\EKASHA\node_modules\@wojtekmaj\enzyme-adapter-react-17\src\ReactSeventeenAdapter.js:336:13)
    at Object.render (D:\EKASHA\EKASHA\node_modules\@wojtekmaj\enzyme-adapter-react-17\src\ReactSeventeenAdapter.js:407:16)
    at new ReactWrapper (D:\EKASHA\EKASHA\node_modules\enzyme\src\ReactWrapper.js:115:16)
    at mount (D:\EKASHA\EKASHA\node_modules\enzyme\src\mount.js:10:10)
    at setUp (D:\EKASHA\EKASHA\src\modules\pages\authentication\__test__\auth.spec.js:30:26)
    at Object.&lt;anonymous&gt; (D:\EKASHA\EKASHA\src\modules\pages\authentication\__test__\auth.spec.js:124:15)
    at Promise.then.completed (D:\EKASHA\EKASHA\node_modules\jest-circus\build\utils.js:391:28)
    at new Promise (&lt;anonymous&gt;)
    at callAsyncCircusFn (D:\EKASHA\EKASHA\node_modules\jest-circus\build\utils.js:316:10)
    at _callCircusHook (D:\EKASHA\EKASHA\node_modules\jest-circus\build\run.js:181:40)
    at _runTest (D:\EKASHA\EKASHA\node_modules\jest-circus\build\run.js:148:5)
    at _runTestsForDescribeBlock (D:\EKASHA\EKASHA\node_modules\jest-circus\build\run.js:66:9)
    at _runTestsForDescribeBlock (D:\EKASHA\EKASHA\node_modules\jest-circus\build\run.js:60:9)
    at run (D:\EKASHA\EKASHA\node_modules\jest-circus\build\run.js:25:3)
    at runAndTransformResultsToJestFormat (D:\EKASHA\EKASHA\node_modules\jest-circus\build\legacy-code-todo-rewrite\jestAdapterInit.js:170:21)
    at jestAdapter (D:\EKASHA\EKASHA\node_modules\jest-circus\build\legacy-code-todo-rewrite\jestAdapter.js:82:19)
    at runTestInternal (D:\EKASHA\EKASHA\node_modules\jest-runner\build\runTest.js:389:16)
    at runTest (D:\EKASHA\EKASHA\node_modules\jest-runner\build\runTest.js:475:34)
    at TestRunner.runTests (D:\EKASHA\EKASHA\node_modules\jest-runner\build\index.js:101:12)
    at TestScheduler.scheduleTests (D:\EKASHA\EKASHA\node_modules\@jest\core\build\TestScheduler.js:333:13)
    at runJest (D:\EKASHA\EKASHA\node_modules\@jest\core\build\runJest.js:404:19)
    at _run10000 (D:\EKASHA\EKASHA\node_modules\@jest\core\build\cli\index.js:320:7)
    at runCLI (D:\EKASHA\EKASHA\node_modules\@jest\core\build\cli\index.js:173:3)
    at Object.run (D:\EKASHA\EKASHA\node_modules\jest-cli\build\cli\index.js:155:37)</failure>
    </testcase>
    <testcase classname="Component Rendering check button Should render eyeopen on icon click" name="Component Rendering check button Should render eyeopen on icon click" time="0.069">
      <failure>TypeError: Cannot read properties of undefined (reading &apos;ChangePasswordExpResponse&apos;)
    at Function.mapStateToProps [as mapToProps] (D:\EKASHA\EKASHA\src\modules\containers\authentication\index.js:33:41)
    at mapToPropsProxy (D:\EKASHA\EKASHA\node_modules\react-redux\lib\connect\wrapMapToProps.js:53:92)
    at Function.detectFactoryAndVerify (D:\EKASHA\EKASHA\node_modules\react-redux\lib\connect\wrapMapToProps.js:62:19)
    at mapToPropsProxy (D:\EKASHA\EKASHA\node_modules\react-redux\lib\connect\wrapMapToProps.js:53:46)
    at handleFirstCall (D:\EKASHA\EKASHA\node_modules\react-redux\lib\connect\selectorFactory.js:36:18)
    at pureFinalPropsSelector (D:\EKASHA\EKASHA\node_modules\react-redux\lib\connect\selectorFactory.js:77:81)
    at D:\EKASHA\EKASHA\node_modules\react-redux\lib\components\connectAdvanced.js:341:16
    at mountMemo (D:\EKASHA\EKASHA\node_modules\react-dom\cjs\react-dom.development.js:15846:19)
    at Object.useMemo (D:\EKASHA\EKASHA\node_modules\react-dom\cjs\react-dom.development.js:16219:16)
    at useMemo (D:\EKASHA\EKASHA\node_modules\react\cjs\react.development.js:1532:21)
    at ConnectFunction (D:\EKASHA\EKASHA\node_modules\react-redux\lib\components\connectAdvanced.js:326:30)
    at renderWithHooks (D:\EKASHA\EKASHA\node_modules\react-dom\cjs\react-dom.development.js:14985:18)
    at updateFunctionComponent (D:\EKASHA\EKASHA\node_modules\react-dom\cjs\react-dom.development.js:17356:20)
    at updateSimpleMemoComponent (D:\EKASHA\EKASHA\node_modules\react-dom\cjs\react-dom.development.js:17215:10)
    at updateMemoComponent (D:\EKASHA\EKASHA\node_modules\react-dom\cjs\react-dom.development.js:17092:14)
    at beginWork (D:\EKASHA\EKASHA\node_modules\react-dom\cjs\react-dom.development.js:19135:16)
    at HTMLUnknownElement.callCallback (D:\EKASHA\EKASHA\node_modules\react-dom\cjs\react-dom.development.js:3945:14)
    at HTMLUnknownElement.callTheUserObjectsOperation (D:\EKASHA\EKASHA\node_modules\jsdom\lib\jsdom\living\generated\EventListener.js:26:30)
    at innerInvokeEventListeners (D:\EKASHA\EKASHA\node_modules\jsdom\lib\jsdom\living\events\EventTarget-impl.js:338:25)
    at invokeEventListeners (D:\EKASHA\EKASHA\node_modules\jsdom\lib\jsdom\living\events\EventTarget-impl.js:274:3)
    at HTMLUnknownElementImpl._dispatch (D:\EKASHA\EKASHA\node_modules\jsdom\lib\jsdom\living\events\EventTarget-impl.js:221:9)
    at HTMLUnknownElementImpl.dispatchEvent (D:\EKASHA\EKASHA\node_modules\jsdom\lib\jsdom\living\events\EventTarget-impl.js:94:17)
    at HTMLUnknownElement.dispatchEvent (D:\EKASHA\EKASHA\node_modules\jsdom\lib\jsdom\living\generated\EventTarget.js:231:34)
    at Object.invokeGuardedCallbackDev (D:\EKASHA\EKASHA\node_modules\react-dom\cjs\react-dom.development.js:3994:16)
    at invokeGuardedCallback (D:\EKASHA\EKASHA\node_modules\react-dom\cjs\react-dom.development.js:4056:31)
    at beginWork$1 (D:\EKASHA\EKASHA\node_modules\react-dom\cjs\react-dom.development.js:23964:7)
    at performUnitOfWork (D:\EKASHA\EKASHA\node_modules\react-dom\cjs\react-dom.development.js:22779:12)
    at workLoopSync (D:\EKASHA\EKASHA\node_modules\react-dom\cjs\react-dom.development.js:22707:5)
    at renderRootSync (D:\EKASHA\EKASHA\node_modules\react-dom\cjs\react-dom.development.js:22670:7)
    at performSyncWorkOnRoot (D:\EKASHA\EKASHA\node_modules\react-dom\cjs\react-dom.development.js:22293:18)
    at scheduleUpdateOnFiber (D:\EKASHA\EKASHA\node_modules\react-dom\cjs\react-dom.development.js:21881:7)
    at updateContainer (D:\EKASHA\EKASHA\node_modules\react-dom\cjs\react-dom.development.js:25482:3)
    at D:\EKASHA\EKASHA\node_modules\react-dom\cjs\react-dom.development.js:26021:7
    at unbatchedUpdates (D:\EKASHA\EKASHA\node_modules\react-dom\cjs\react-dom.development.js:22431:12)
    at legacyRenderSubtreeIntoContainer (D:\EKASHA\EKASHA\node_modules\react-dom\cjs\react-dom.development.js:26020:5)
    at Object.render (D:\EKASHA\EKASHA\node_modules\react-dom\cjs\react-dom.development.js:26103:10)
    at fn (D:\EKASHA\EKASHA\node_modules\@wojtekmaj\enzyme-adapter-react-17\src\ReactSeventeenAdapter.js:421:26)
    at D:\EKASHA\EKASHA\node_modules\@wojtekmaj\enzyme-adapter-react-17\src\ReactSeventeenAdapter.js:337:17
    at batchedUpdates$1 (D:\EKASHA\EKASHA\node_modules\react-dom\cjs\react-dom.development.js:22380:12)
    at Object.act (D:\EKASHA\EKASHA\node_modules\react-dom\cjs\react-dom-test-utils.development.js:1042:14)
    at wrapAct (D:\EKASHA\EKASHA\node_modules\@wojtekmaj\enzyme-adapter-react-17\src\ReactSeventeenAdapter.js:336:13)
    at Object.render (D:\EKASHA\EKASHA\node_modules\@wojtekmaj\enzyme-adapter-react-17\src\ReactSeventeenAdapter.js:407:16)
    at new ReactWrapper (D:\EKASHA\EKASHA\node_modules\enzyme\src\ReactWrapper.js:115:16)
    at mount (D:\EKASHA\EKASHA\node_modules\enzyme\src\mount.js:10:10)
    at setUp (D:\EKASHA\EKASHA\src\modules\pages\authentication\__test__\auth.spec.js:30:26)
    at Object.&lt;anonymous&gt; (D:\EKASHA\EKASHA\src\modules\pages\authentication\__test__\auth.spec.js:124:15)
    at Promise.then.completed (D:\EKASHA\EKASHA\node_modules\jest-circus\build\utils.js:391:28)
    at new Promise (&lt;anonymous&gt;)
    at callAsyncCircusFn (D:\EKASHA\EKASHA\node_modules\jest-circus\build\utils.js:316:10)
    at _callCircusHook (D:\EKASHA\EKASHA\node_modules\jest-circus\build\run.js:181:40)
    at _runTest (D:\EKASHA\EKASHA\node_modules\jest-circus\build\run.js:148:5)
    at _runTestsForDescribeBlock (D:\EKASHA\EKASHA\node_modules\jest-circus\build\run.js:66:9)
    at _runTestsForDescribeBlock (D:\EKASHA\EKASHA\node_modules\jest-circus\build\run.js:60:9)
    at run (D:\EKASHA\EKASHA\node_modules\jest-circus\build\run.js:25:3)
    at runAndTransformResultsToJestFormat (D:\EKASHA\EKASHA\node_modules\jest-circus\build\legacy-code-todo-rewrite\jestAdapterInit.js:170:21)
    at jestAdapter (D:\EKASHA\EKASHA\node_modules\jest-circus\build\legacy-code-todo-rewrite\jestAdapter.js:82:19)
    at runTestInternal (D:\EKASHA\EKASHA\node_modules\jest-runner\build\runTest.js:389:16)
    at runTest (D:\EKASHA\EKASHA\node_modules\jest-runner\build\runTest.js:475:34)
    at TestRunner.runTests (D:\EKASHA\EKASHA\node_modules\jest-runner\build\index.js:101:12)
    at TestScheduler.scheduleTests (D:\EKASHA\EKASHA\node_modules\@jest\core\build\TestScheduler.js:333:13)
    at runJest (D:\EKASHA\EKASHA\node_modules\@jest\core\build\runJest.js:404:19)
    at _run10000 (D:\EKASHA\EKASHA\node_modules\@jest\core\build\cli\index.js:320:7)
    at runCLI (D:\EKASHA\EKASHA\node_modules\@jest\core\build\cli\index.js:173:3)
    at Object.run (D:\EKASHA\EKASHA\node_modules\jest-cli\build\cli\index.js:155:37)</failure>
    </testcase>
  </testsuite>
</testsuites>